<?xml version="1.0" encoding="ISO-8859-1" ?>
<link_info>
   <banner>TI ARM Linker PC v20.2.1.LTS</banner>
   <copyright>Copyright (c) 1996-2018 Texas Instruments Incorporated</copyright>
   <link_time>0x5fb69013</link_time>
   <link_errors>0x0</link_errors>
   <output_file>pwmled2_CC3220SF_LAUNCHXL_freertos_ccs.out</output_file>
   <entry_point>
      <name>resetISR</name>
      <address>0x100510d</address>
   </entry_point>
   <input_file_list>
      <input_file id="fl-2">
         <path>.\</path>
         <kind>object</kind>
         <file>main_freertos.obj</file>
         <name>main_freertos.obj</name>
      </input_file>
      <input_file id="fl-3">
         <path>.\</path>
         <kind>object</kind>
         <file>pwmled2.obj</file>
         <name>pwmled2.obj</name>
      </input_file>
      <input_file id="fl-4">
         <path>.\syscfg\</path>
         <kind>object</kind>
         <file>ti_drivers_config.obj</file>
         <name>ti_drivers_config.obj</name>
      </input_file>
      <input_file id="fl-f">
         <kind>object</kind>
         <file>&lt;internal&gt;</file>
         <name>&lt;internal&gt;</name>
      </input_file>
      <input_file id="fl-10">
         <path>C:\ti\simplelink_cc32xx_sdk_4_20_00_07\source\ti\drivers\lib\</path>
         <kind>archive</kind>
         <file>drivers_cc32xx.aem4</file>
         <name>PowerCC32XX.oem4</name>
      </input_file>
      <input_file id="fl-11">
         <path>C:\ti\simplelink_cc32xx_sdk_4_20_00_07\source\ti\drivers\lib\</path>
         <kind>archive</kind>
         <file>drivers_cc32xx.aem4</file>
         <name>PowerCC32XX_asm.oem4</name>
      </input_file>
      <input_file id="fl-12">
         <path>C:\ti\simplelink_cc32xx_sdk_4_20_00_07\source\ti\drivers\lib\</path>
         <kind>archive</kind>
         <file>drivers_cc32xx.aem4</file>
         <name>PWM.oem4</name>
      </input_file>
      <input_file id="fl-13">
         <path>C:\ti\simplelink_cc32xx_sdk_4_20_00_07\source\ti\drivers\lib\</path>
         <kind>archive</kind>
         <file>drivers_cc32xx.aem4</file>
         <name>PWMTimerCC32XX.oem4</name>
      </input_file>
      <input_file id="fl-14">
         <path>C:\ti\simplelink_cc32xx_sdk_4_20_00_07\source\ti\drivers\lib\</path>
         <kind>archive</kind>
         <file>drivers_cc32xx.aem4</file>
         <name>TimerCC32XX.oem4</name>
      </input_file>
      <input_file id="fl-15">
         <path>C:\ti\simplelink_cc32xx_sdk_4_20_00_07\source\ti\drivers\lib\</path>
         <kind>archive</kind>
         <file>drivers_cc32xx.aem4</file>
         <name>List.oem4</name>
      </input_file>
      <input_file id="fl-16">
         <path>C:\Users\sarah\workspace_v10\freertos_builds_CC3220SF_LAUNCHXL_release_ccs\Debug\</path>
         <kind>archive</kind>
         <file>freertos_builds_CC3220SF_LAUNCHXL_release_ccs.lib</file>
         <name>ClockP_freertos.obj</name>
      </input_file>
      <input_file id="fl-17">
         <path>C:\Users\sarah\workspace_v10\freertos_builds_CC3220SF_LAUNCHXL_release_ccs\Debug\</path>
         <kind>archive</kind>
         <file>freertos_builds_CC3220SF_LAUNCHXL_release_ccs.lib</file>
         <name>HwiPCC32XX_freertos.obj</name>
      </input_file>
      <input_file id="fl-18">
         <path>C:\Users\sarah\workspace_v10\freertos_builds_CC3220SF_LAUNCHXL_release_ccs\Debug\</path>
         <kind>archive</kind>
         <file>freertos_builds_CC3220SF_LAUNCHXL_release_ccs.lib</file>
         <name>PowerCC32XX_freertos.obj</name>
      </input_file>
      <input_file id="fl-19">
         <path>C:\Users\sarah\workspace_v10\freertos_builds_CC3220SF_LAUNCHXL_release_ccs\Debug\</path>
         <kind>archive</kind>
         <file>freertos_builds_CC3220SF_LAUNCHXL_release_ccs.lib</file>
         <name>SemaphoreP_freertos.obj</name>
      </input_file>
      <input_file id="fl-1a">
         <path>C:\Users\sarah\workspace_v10\freertos_builds_CC3220SF_LAUNCHXL_release_ccs\Debug\</path>
         <kind>archive</kind>
         <file>freertos_builds_CC3220SF_LAUNCHXL_release_ccs.lib</file>
         <name>heap_4.obj</name>
      </input_file>
      <input_file id="fl-1b">
         <path>C:\Users\sarah\workspace_v10\freertos_builds_CC3220SF_LAUNCHXL_release_ccs\Debug\</path>
         <kind>archive</kind>
         <file>freertos_builds_CC3220SF_LAUNCHXL_release_ccs.lib</file>
         <name>queue.obj</name>
      </input_file>
      <input_file id="fl-1c">
         <path>C:\Users\sarah\workspace_v10\freertos_builds_CC3220SF_LAUNCHXL_release_ccs\Debug\</path>
         <kind>archive</kind>
         <file>freertos_builds_CC3220SF_LAUNCHXL_release_ccs.lib</file>
         <name>tasks.obj</name>
      </input_file>
      <input_file id="fl-1d">
         <path>C:\Users\sarah\workspace_v10\freertos_builds_CC3220SF_LAUNCHXL_release_ccs\Debug\</path>
         <kind>archive</kind>
         <file>freertos_builds_CC3220SF_LAUNCHXL_release_ccs.lib</file>
         <name>timers.obj</name>
      </input_file>
      <input_file id="fl-1e">
         <path>C:\Users\sarah\workspace_v10\freertos_builds_CC3220SF_LAUNCHXL_release_ccs\Debug\</path>
         <kind>archive</kind>
         <file>freertos_builds_CC3220SF_LAUNCHXL_release_ccs.lib</file>
         <name>port.obj</name>
      </input_file>
      <input_file id="fl-1f">
         <path>C:\Users\sarah\workspace_v10\freertos_builds_CC3220SF_LAUNCHXL_release_ccs\Debug\</path>
         <kind>archive</kind>
         <file>freertos_builds_CC3220SF_LAUNCHXL_release_ccs.lib</file>
         <name>portasm.obj</name>
      </input_file>
      <input_file id="fl-20">
         <path>C:\Users\sarah\workspace_v10\freertos_builds_CC3220SF_LAUNCHXL_release_ccs\Debug\</path>
         <kind>archive</kind>
         <file>freertos_builds_CC3220SF_LAUNCHXL_release_ccs.lib</file>
         <name>startup_cc32xx_ccs.obj</name>
      </input_file>
      <input_file id="fl-21">
         <path>C:\Users\sarah\workspace_v10\freertos_builds_CC3220SF_LAUNCHXL_release_ccs\Debug\</path>
         <kind>archive</kind>
         <file>freertos_builds_CC3220SF_LAUNCHXL_release_ccs.lib</file>
         <name>PTLS.obj</name>
      </input_file>
      <input_file id="fl-22">
         <path>C:\Users\sarah\workspace_v10\freertos_builds_CC3220SF_LAUNCHXL_release_ccs\Debug\</path>
         <kind>archive</kind>
         <file>freertos_builds_CC3220SF_LAUNCHXL_release_ccs.lib</file>
         <name>pthread.obj</name>
      </input_file>
      <input_file id="fl-23">
         <path>C:\Users\sarah\workspace_v10\freertos_builds_CC3220SF_LAUNCHXL_release_ccs\Debug\</path>
         <kind>archive</kind>
         <file>freertos_builds_CC3220SF_LAUNCHXL_release_ccs.lib</file>
         <name>sleep.obj</name>
      </input_file>
      <input_file id="fl-24">
         <path>C:\Users\sarah\workspace_v10\freertos_builds_CC3220SF_LAUNCHXL_release_ccs\Debug\</path>
         <kind>archive</kind>
         <file>freertos_builds_CC3220SF_LAUNCHXL_release_ccs.lib</file>
         <name>list.obj</name>
      </input_file>
      <input_file id="fl-25">
         <path>C:\Users\sarah\workspace_v10\freertos_builds_CC3220SF_LAUNCHXL_release_ccs\Debug\</path>
         <kind>archive</kind>
         <file>freertos_builds_CC3220SF_LAUNCHXL_release_ccs.lib</file>
         <name>aeabi_portable.obj</name>
      </input_file>
      <input_file id="fl-26">
         <path>C:\ti\simplelink_cc32xx_sdk_4_20_00_07\source\ti\devices\cc32xx\driverlib\ccs\Release\</path>
         <kind>archive</kind>
         <file>driverlib.a</file>
         <name>interrupt.obj</name>
      </input_file>
      <input_file id="fl-27">
         <path>C:\ti\simplelink_cc32xx_sdk_4_20_00_07\source\ti\devices\cc32xx\driverlib\ccs\Release\</path>
         <kind>archive</kind>
         <file>driverlib.a</file>
         <name>pin.obj</name>
      </input_file>
      <input_file id="fl-28">
         <path>C:\ti\simplelink_cc32xx_sdk_4_20_00_07\source\ti\devices\cc32xx\driverlib\ccs\Release\</path>
         <kind>archive</kind>
         <file>driverlib.a</file>
         <name>prcm.obj</name>
      </input_file>
      <input_file id="fl-29">
         <path>C:\ti\simplelink_cc32xx_sdk_4_20_00_07\source\ti\devices\cc32xx\driverlib\ccs\Release\</path>
         <kind>archive</kind>
         <file>driverlib.a</file>
         <name>systick.obj</name>
      </input_file>
      <input_file id="fl-2a">
         <path>C:\ti\simplelink_cc32xx_sdk_4_20_00_07\source\ti\devices\cc32xx\driverlib\ccs\Release\</path>
         <kind>archive</kind>
         <file>driverlib.a</file>
         <name>timer.obj</name>
      </input_file>
      <input_file id="fl-2b">
         <path>C:\ti\simplelink_cc32xx_sdk_4_20_00_07\source\ti\devices\cc32xx\driverlib\ccs\Release\</path>
         <kind>archive</kind>
         <file>driverlib.a</file>
         <name>utils.obj</name>
      </input_file>
      <input_file id="fl-2c">
         <path>C:\ti\simplelink_cc32xx_sdk_4_20_00_07\source\ti\devices\cc32xx\driverlib\ccs\Release\</path>
         <kind>archive</kind>
         <file>driverlib.a</file>
         <name>cpu.obj</name>
      </input_file>
      <input_file id="fl-2d">
         <path>C:\ti\simplelink_cc32xx_sdk_4_20_00_07\source\ti\devices\cc32xx\driverlib\ccs\Release\</path>
         <kind>archive</kind>
         <file>driverlib.a</file>
         <name>flash.obj</name>
      </input_file>
      <input_file id="fl-e3">
         <path>C:\ti\ccs1010\ccs\tools\compiler\ti-cgt-arm_20.2.1.LTS\lib\</path>
         <kind>archive</kind>
         <file>rtsv7M4_T_le_eabi.lib</file>
         <name>memset_t2.asm.obj</name>
      </input_file>
      <input_file id="fl-e4">
         <path>C:\ti\ccs1010\ccs\tools\compiler\ti-cgt-arm_20.2.1.LTS\lib\</path>
         <kind>archive</kind>
         <file>rtsv7M4_T_le_eabi.lib</file>
         <name>ll_mul_t2.asm.obj</name>
      </input_file>
      <input_file id="fl-e5">
         <path>C:\ti\ccs1010\ccs\tools\compiler\ti-cgt-arm_20.2.1.LTS\lib\</path>
         <kind>archive</kind>
         <file>rtsv7M4_T_le_eabi.lib</file>
         <name>memcpy_t2.asm.obj</name>
      </input_file>
      <input_file id="fl-e6">
         <path>C:\ti\ccs1010\ccs\tools\compiler\ti-cgt-arm_20.2.1.LTS\lib\</path>
         <kind>archive</kind>
         <file>rtsv7M4_T_le_eabi.lib</file>
         <name>ull_div_t2.asm.obj</name>
      </input_file>
      <input_file id="fl-e7">
         <path>C:\ti\ccs1010\ccs\tools\compiler\ti-cgt-arm_20.2.1.LTS\lib\</path>
         <kind>archive</kind>
         <file>rtsv7M4_T_le_eabi.lib</file>
         <name>copy_zero_init.c.obj</name>
      </input_file>
      <input_file id="fl-e8">
         <path>C:\ti\ccs1010\ccs\tools\compiler\ti-cgt-arm_20.2.1.LTS\lib\</path>
         <kind>archive</kind>
         <file>rtsv7M4_T_le_eabi.lib</file>
         <name>copy_decompress_none.c.obj</name>
      </input_file>
      <input_file id="fl-e9">
         <path>C:\ti\ccs1010\ccs\tools\compiler\ti-cgt-arm_20.2.1.LTS\lib\</path>
         <kind>archive</kind>
         <file>rtsv7M4_T_le_eabi.lib</file>
         <name>copy_decompress_lzss.c.obj</name>
      </input_file>
      <input_file id="fl-ea">
         <path>C:\ti\ccs1010\ccs\tools\compiler\ti-cgt-arm_20.2.1.LTS\lib\</path>
         <kind>archive</kind>
         <file>rtsv7M4_T_le_eabi.lib</file>
         <name>boot_cortex_m.c.obj</name>
      </input_file>
      <input_file id="fl-eb">
         <path>C:\ti\ccs1010\ccs\tools\compiler\ti-cgt-arm_20.2.1.LTS\lib\</path>
         <kind>archive</kind>
         <file>rtsv7M4_T_le_eabi.lib</file>
         <name>div0.asm.obj</name>
      </input_file>
      <input_file id="fl-ec">
         <path>C:\ti\ccs1010\ccs\tools\compiler\ti-cgt-arm_20.2.1.LTS\lib\</path>
         <kind>archive</kind>
         <file>rtsv7M4_T_le_eabi.lib</file>
         <name>autoinit.c.obj</name>
      </input_file>
      <input_file id="fl-ed">
         <path>C:\ti\ccs1010\ccs\tools\compiler\ti-cgt-arm_20.2.1.LTS\lib\</path>
         <kind>archive</kind>
         <file>rtsv7M4_T_le_eabi.lib</file>
         <name>pre_init.c.obj</name>
      </input_file>
      <input_file id="fl-ee">
         <path>C:\ti\ccs1010\ccs\tools\compiler\ti-cgt-arm_20.2.1.LTS\lib\</path>
         <kind>archive</kind>
         <file>rtsv7M4_T_le_eabi.lib</file>
         <name>cpy_tbl.c.obj</name>
      </input_file>
      <input_file id="fl-ef">
         <path>C:\ti\ccs1010\ccs\tools\compiler\ti-cgt-arm_20.2.1.LTS\lib\</path>
         <kind>archive</kind>
         <file>rtsv7M4_T_le_eabi.lib</file>
         <name>exit.c.obj</name>
      </input_file>
      <input_file id="fl-f0">
         <path>C:\ti\ccs1010\ccs\tools\compiler\ti-cgt-arm_20.2.1.LTS\lib\</path>
         <kind>archive</kind>
         <file>rtsv7M4_T_le_eabi.lib</file>
         <name>_lock.c.obj</name>
      </input_file>
      <input_file id="fl-f1">
         <path>C:\ti\ccs1010\ccs\tools\compiler\ti-cgt-arm_20.2.1.LTS\lib\</path>
         <kind>archive</kind>
         <file>rtsv7M4_T_le_eabi.lib</file>
         <name>args_main.c.obj</name>
      </input_file>
   </input_file_list>
   <object_component_list>
      <object_component id="oc-232">
         <name>.text:PRCMCC3200MCUInit</name>
         <load_address>0x1000840</load_address>
         <run_address>0x1000840</run_address>
         <size>0x42c</size>
         <input_file_ref idref="fl-28"/>
      </object_component>
      <object_component id="oc-4a4">
         <name>.text:xQueueGenericSend</name>
         <load_address>0x1000c6c</load_address>
         <run_address>0x1000c6c</run_address>
         <size>0x1b8</size>
         <input_file_ref idref="fl-1b"/>
      </object_component>
      <object_component id="oc-43e">
         <name>.text:PowerCC32XX_sleepPolicy</name>
         <load_address>0x1000e24</load_address>
         <run_address>0x1000e24</run_address>
         <size>0x1b0</size>
         <input_file_ref idref="fl-18"/>
      </object_component>
      <object_component id="oc-24d">
         <name>.text:pvPortMalloc</name>
         <load_address>0x1000fd4</load_address>
         <run_address>0x1000fd4</run_address>
         <size>0x17c</size>
         <input_file_ref idref="fl-1a"/>
      </object_component>
      <object_component id="oc-639">
         <name>.text:xQueueReceive</name>
         <load_address>0x1001150</load_address>
         <run_address>0x1001150</run_address>
         <size>0x17c</size>
         <input_file_ref idref="fl-1b"/>
      </object_component>
      <object_component id="oc-4d8">
         <name>.text:prvProcessReceivedCommands</name>
         <load_address>0x10012cc</load_address>
         <run_address>0x10012cc</run_address>
         <size>0x164</size>
         <input_file_ref idref="fl-1d"/>
      </object_component>
      <object_component id="oc-6c2">
         <name>.text:parkPins</name>
         <load_address>0x1001430</load_address>
         <run_address>0x1001430</run_address>
         <size>0x148</size>
         <input_file_ref idref="fl-10"/>
      </object_component>
      <object_component id="oc-66a">
         <name>.text:PWMTimerCC32XX_setDutyAndPeriod</name>
         <load_address>0x1001578</load_address>
         <run_address>0x1001578</run_address>
         <size>0x140</size>
         <input_file_ref idref="fl-13"/>
      </object_component>
      <object_component id="oc-da">
         <name>.text:xTaskIncrementTick</name>
         <load_address>0x10016b8</load_address>
         <run_address>0x10016b8</run_address>
         <size>0x140</size>
         <input_file_ref idref="fl-1c"/>
      </object_component>
      <object_component id="oc-589">
         <name>.text:Power_sleep</name>
         <load_address>0x10017f8</load_address>
         <run_address>0x10017f8</run_address>
         <size>0x138</size>
         <input_file_ref idref="fl-10"/>
      </object_component>
      <object_component id="oc-180">
         <name>.text:pthread_create</name>
         <load_address>0x1001930</load_address>
         <run_address>0x1001930</run_address>
         <size>0x138</size>
         <input_file_ref idref="fl-22"/>
      </object_component>
      <object_component id="oc-36b">
         <name>.text:prvInitialiseNewTask</name>
         <load_address>0x1001a68</load_address>
         <run_address>0x1001a68</run_address>
         <size>0x128</size>
         <input_file_ref idref="fl-1c"/>
      </object_component>
      <object_component id="oc-27d">
         <name>.text:xTaskResumeAll</name>
         <load_address>0x1001b90</load_address>
         <run_address>0x1001b90</run_address>
         <size>0x11c</size>
         <input_file_ref idref="fl-1c"/>
      </object_component>
      <object_component id="oc-72f">
         <name>.text:xQueueGenericSendFromISR</name>
         <load_address>0x1001cac</load_address>
         <run_address>0x1001cac</run_address>
         <size>0x10a</size>
         <input_file_ref idref="fl-1b"/>
      </object_component>
      <object_component id="oc-23e">
         <name>.text:Board_initHook</name>
         <load_address>0x1001db6</load_address>
         <run_address>0x1001db6</run_address>
         <size>0x2</size>
         <input_file_ref idref="fl-4"/>
      </object_component>
      <object_component id="oc-4b0">
         <name>.text:vTaskDelete</name>
         <load_address>0x1001db8</load_address>
         <run_address>0x1001db8</run_address>
         <size>0x100</size>
         <input_file_ref idref="fl-1c"/>
      </object_component>
      <object_component id="oc-4aa">
         <name>.text:vTaskSuspend</name>
         <load_address>0x1001eb8</load_address>
         <run_address>0x1001eb8</run_address>
         <size>0xfc</size>
         <input_file_ref idref="fl-1c"/>
      </object_component>
      <object_component id="oc-658">
         <name>.text:PWMTimerCC32XX_open</name>
         <load_address>0x1001fb4</load_address>
         <run_address>0x1001fb4</run_address>
         <size>0xf0</size>
         <input_file_ref idref="fl-13"/>
      </object_component>
      <object_component id="oc-707">
         <name>.text:xTaskPriorityDisinherit</name>
         <load_address>0x10020a4</load_address>
         <run_address>0x10020a4</run_address>
         <size>0xe0</size>
         <input_file_ref idref="fl-1c"/>
      </object_component>
      <object_component id="oc-d3">
         <name>.text:vTaskSwitchContext</name>
         <load_address>0x1002184</load_address>
         <run_address>0x1002184</run_address>
         <size>0xdc</size>
         <input_file_ref idref="fl-1c"/>
      </object_component>
      <object_component id="oc-676">
         <name>.text:PWMTimerCC32XX_stop</name>
         <load_address>0x1002260</load_address>
         <run_address>0x1002260</run_address>
         <size>0xc4</size>
         <input_file_ref idref="fl-13"/>
      </object_component>
      <object_component id="oc-371">
         <name>.text:prvAddNewTaskToReadyList</name>
         <load_address>0x1002324</load_address>
         <run_address>0x1002324</run_address>
         <size>0xc4</size>
         <input_file_ref idref="fl-1c"/>
      </object_component>
      <object_component id="oc-6df">
         <name>.text:restoreParkedPins</name>
         <load_address>0x10023e8</load_address>
         <run_address>0x10023e8</run_address>
         <size>0xc0</size>
         <input_file_ref idref="fl-10"/>
      </object_component>
      <object_component id="oc-293">
         <name>.text:xPortStartScheduler</name>
         <load_address>0x10024a8</load_address>
         <run_address>0x10024a8</run_address>
         <size>0xc0</size>
         <input_file_ref idref="fl-1e"/>
      </object_component>
      <object_component id="oc-5dd">
         <name>.text:prvCopyDataToQueue</name>
         <load_address>0x1002568</load_address>
         <run_address>0x1002568</run_address>
         <size>0xbc</size>
         <input_file_ref idref="fl-1b"/>
      </object_component>
      <object_component id="oc-347">
         <name>.text:prvHeapInit</name>
         <load_address>0x1002624</load_address>
         <run_address>0x1002624</run_address>
         <size>0xbc</size>
         <input_file_ref idref="fl-1a"/>
      </object_component>
      <object_component id="oc-720">
         <name>.text:prvSwitchTimerLists</name>
         <load_address>0x10026e0</load_address>
         <run_address>0x10026e0</run_address>
         <size>0xbc</size>
         <input_file_ref idref="fl-1d"/>
      </object_component>
      <object_component id="oc-70">
         <name>.text</name>
         <load_address>0x100279c</load_address>
         <run_address>0x100279c</run_address>
         <size>0xba</size>
         <input_file_ref idref="fl-1f"/>
      </object_component>
      <object_component id="oc-652">
         <name>.text:PWMTimerCC32XX_init</name>
         <load_address>0x1002856</load_address>
         <run_address>0x1002856</run_address>
         <size>0x2</size>
         <input_file_ref idref="fl-13"/>
      </object_component>
      <object_component id="oc-65e">
         <name>.text:PWMTimerCC32XX_setDuty</name>
         <load_address>0x1002858</load_address>
         <run_address>0x1002858</run_address>
         <size>0xb8</size>
         <input_file_ref idref="fl-13"/>
      </object_component>
      <object_component id="oc-466">
         <name>.text:xQueueGenericReset</name>
         <load_address>0x1002910</load_address>
         <run_address>0x1002910</run_address>
         <size>0xb8</size>
         <input_file_ref idref="fl-1b"/>
      </object_component>
      <object_component id="oc-519">
         <name>.text:prvAddCurrentTaskToDelayedList</name>
         <load_address>0x10029c8</load_address>
         <run_address>0x10029c8</run_address>
         <size>0xb0</size>
         <input_file_ref idref="fl-1c"/>
      </object_component>
      <object_component id="oc-5e9">
         <name>.text:xTaskCheckForTimeOut</name>
         <load_address>0x1002a78</load_address>
         <run_address>0x1002a78</run_address>
         <size>0xb0</size>
         <input_file_ref idref="fl-1c"/>
      </object_component>
      <object_component id="oc-5fb">
         <name>.text:prvUnlockQueue</name>
         <load_address>0x1002b28</load_address>
         <run_address>0x1002b28</run_address>
         <size>0xae</size>
         <input_file_ref idref="fl-1b"/>
      </object_component>
      <object_component id="oc-438">
         <name>.text:PowerCC32XX_initPolicy</name>
         <load_address>0x1002bd6</load_address>
         <run_address>0x1002bd6</run_address>
         <size>0x2</size>
         <input_file_ref idref="fl-18"/>
      </object_component>
      <object_component id="oc-a7">
         <name>.text:IntEnable</name>
         <load_address>0x1002bd8</load_address>
         <run_address>0x1002bd8</run_address>
         <size>0xa8</size>
         <input_file_ref idref="fl-26"/>
      </object_component>
      <object_component id="oc-321">
         <name>.text:PowerCC32XX_configureWakeup</name>
         <load_address>0x1002c80</load_address>
         <run_address>0x1002c80</run_address>
         <size>0xa8</size>
         <input_file_ref idref="fl-10"/>
      </object_component>
      <object_component id="oc-34d">
         <name>.text:prvInsertBlockIntoFreeList</name>
         <load_address>0x1002d28</load_address>
         <run_address>0x1002d28</run_address>
         <size>0xa8</size>
         <input_file_ref idref="fl-1a"/>
      </object_component>
      <object_component id="oc-259">
         <name>.text:vPortFree</name>
         <load_address>0x1002dd0</load_address>
         <run_address>0x1002dd0</run_address>
         <size>0xa8</size>
         <input_file_ref idref="fl-1a"/>
      </object_component>
      <object_component id="oc-5b4">
         <name>.text:xTaskRemoveFromEventList</name>
         <load_address>0x1002e78</load_address>
         <run_address>0x1002e78</run_address>
         <size>0xa8</size>
         <input_file_ref idref="fl-1c"/>
      </object_component>
      <object_component id="oc-77c">
         <name>.text:initHw</name>
         <load_address>0x1002f20</load_address>
         <run_address>0x1002f20</run_address>
         <size>0xa4</size>
         <input_file_ref idref="fl-13"/>
      </object_component>
      <object_component id="oc-38">
         <name>.text</name>
         <load_address>0x1002fc4</load_address>
         <run_address>0x1002fc4</run_address>
         <size>0x9c</size>
         <input_file_ref idref="fl-e5"/>
      </object_component>
      <object_component id="oc-664">
         <name>.text:PWMTimerCC32XX_setPeriod</name>
         <load_address>0x1003060</load_address>
         <run_address>0x1003060</run_address>
         <size>0x98</size>
         <input_file_ref idref="fl-13"/>
      </object_component>
      <object_component id="oc-578">
         <name>.text</name>
         <load_address>0x10030f8</load_address>
         <run_address>0x10030f8</run_address>
         <size>0x96</size>
         <input_file_ref idref="fl-e6"/>
      </object_component>
      <object_component id="oc-6a">
         <name>.text:busFaultHandler</name>
         <load_address>0x100318e</load_address>
         <run_address>0x100318e</run_address>
         <size>0x2</size>
         <input_file_ref idref="fl-20"/>
      </object_component>
      <object_component id="oc-186">
         <name>.text:vTaskStartScheduler</name>
         <load_address>0x1003190</load_address>
         <run_address>0x1003190</run_address>
         <size>0x94</size>
         <input_file_ref idref="fl-1c"/>
      </object_component>
      <object_component id="oc-6d3">
         <name>.text:restoreNVICRegs</name>
         <load_address>0x1003224</load_address>
         <run_address>0x1003224</run_address>
         <size>0x90</size>
         <input_file_ref idref="fl-10"/>
      </object_component>
      <object_component id="oc-646">
         <name>.text:PWMTimerCC32XX_close</name>
         <load_address>0x10032b4</load_address>
         <run_address>0x10032b4</run_address>
         <size>0x88</size>
         <input_file_ref idref="fl-13"/>
      </object_component>
      <object_component id="oc-82c">
         <name>.text:PinConfigSet</name>
         <load_address>0x100333c</load_address>
         <run_address>0x100333c</run_address>
         <size>0x88</size>
         <input_file_ref idref="fl-27"/>
      </object_component>
      <object_component id="oc-4d2">
         <name>.text:prvProcessTimerOrBlockTask</name>
         <load_address>0x10033c4</load_address>
         <run_address>0x10033c4</run_address>
         <size>0x88</size>
         <input_file_ref idref="fl-1d"/>
      </object_component>
      <object_component id="oc-238">
         <name>.text:Power_init</name>
         <load_address>0x100344c</load_address>
         <run_address>0x100344c</run_address>
         <size>0x84</size>
         <input_file_ref idref="fl-10"/>
      </object_component>
      <object_component id="oc-18c">
         <name>.text:mainThread</name>
         <load_address>0x10034d0</load_address>
         <run_address>0x10034d0</run_address>
         <size>0x84</size>
         <input_file_ref idref="fl-3"/>
      </object_component>
      <object_component id="oc-6c8">
         <name>.text:saveNVICRegs</name>
         <load_address>0x1003554</load_address>
         <run_address>0x1003554</run_address>
         <size>0x84</size>
         <input_file_ref idref="fl-10"/>
      </object_component>
      <object_component id="oc-633">
         <name>.text:xTimerGenericCommand</name>
         <load_address>0x10035d8</load_address>
         <run_address>0x10035d8</run_address>
         <size>0x84</size>
         <input_file_ref idref="fl-1d"/>
      </object_component>
      <object_component id="oc-770">
         <name>.text:Power_setDependency</name>
         <load_address>0x100365c</load_address>
         <run_address>0x100365c</run_address>
         <size>0x80</size>
         <input_file_ref idref="fl-10"/>
      </object_component>
      <object_component id="oc-620">
         <name>.text:prvProcessExpiredTimer</name>
         <load_address>0x10036dc</load_address>
         <run_address>0x10036dc</run_address>
         <size>0x80</size>
         <input_file_ref idref="fl-1d"/>
      </object_component>
      <object_component id="oc-49e">
         <name>.text:removeThreadKeys</name>
         <load_address>0x100375c</load_address>
         <run_address>0x100375c</run_address>
         <size>0x7a</size>
         <input_file_ref idref="fl-22"/>
      </object_component>
      <object_component id="oc-95">
         <name>.text</name>
         <load_address>0x10037d6</load_address>
         <run_address>0x10037d6</run_address>
         <size>0x7a</size>
         <input_file_ref idref="fl-e3"/>
      </object_component>
      <object_component id="oc-26b">
         <name>.text:xTaskCreate</name>
         <load_address>0x1003850</load_address>
         <run_address>0x1003850</run_address>
         <size>0x7a</size>
         <input_file_ref idref="fl-1c"/>
      </object_component>
      <object_component id="oc-64">
         <name>.text:defaultHandler</name>
         <load_address>0x10038ca</load_address>
         <run_address>0x10038ca</run_address>
         <size>0x2</size>
         <input_file_ref idref="fl-20"/>
      </object_component>
      <object_component id="oc-62d">
         <name>.text:prvInsertTimerInActiveList</name>
         <load_address>0x10038cc</load_address>
         <run_address>0x10038cc</run_address>
         <size>0x78</size>
         <input_file_ref idref="fl-1d"/>
      </object_component>
      <object_component id="oc-481">
         <name>.text:prvInitialiseTaskLists</name>
         <load_address>0x1003944</load_address>
         <run_address>0x1003944</run_address>
         <size>0x74</size>
         <input_file_ref idref="fl-1c"/>
      </object_component>
      <object_component id="oc-7f0">
         <name>.text:vPortValidateInterruptPriority</name>
         <load_address>0x10039b8</load_address>
         <run_address>0x10039b8</run_address>
         <size>0x74</size>
         <input_file_ref idref="fl-1e"/>
      </object_component>
      <object_component id="oc-670">
         <name>.text:PWMTimerCC32XX_start</name>
         <load_address>0x1003a2c</load_address>
         <run_address>0x1003a2c</run_address>
         <size>0x68</size>
         <input_file_ref idref="fl-13"/>
      </object_component>
      <object_component id="oc-14">
         <name>.text:decompress:lzss:__TI_decompress_lzss</name>
         <load_address>0x1003a94</load_address>
         <run_address>0x1003a94</run_address>
         <size>0x68</size>
         <input_file_ref idref="fl-e9"/>
      </object_component>
      <object_component id="oc-698">
         <name>.text:vListInsert</name>
         <load_address>0x1003afc</load_address>
         <run_address>0x1003afc</run_address>
         <size>0x66</size>
         <input_file_ref idref="fl-24"/>
      </object_component>
      <object_component id="oc-5e">
         <name>.text:faultISR</name>
         <load_address>0x1003b62</load_address>
         <run_address>0x1003b62</run_address>
         <size>0x2</size>
         <input_file_ref idref="fl-20"/>
      </object_component>
      <object_component id="oc-782">
         <name>.text:PowerCC32XX_setParkState</name>
         <load_address>0x1003b64</load_address>
         <run_address>0x1003b64</run_address>
         <size>0x64</size>
         <input_file_ref idref="fl-10"/>
      </object_component>
      <object_component id="oc-110">
         <name>.text:main</name>
         <load_address>0x1003bc8</load_address>
         <run_address>0x1003bc8</run_address>
         <size>0x64</size>
         <input_file_ref idref="fl-2"/>
      </object_component>
      <object_component id="oc-3b7">
         <name>.text:prvGetExpectedIdleTime</name>
         <load_address>0x1003c2c</load_address>
         <run_address>0x1003c2c</run_address>
         <size>0x64</size>
         <input_file_ref idref="fl-1c"/>
      </object_component>
      <object_component id="oc-2ef">
         <name>.text:PRCMSysResetCauseGet</name>
         <load_address>0x1003c90</load_address>
         <run_address>0x1003c90</run_address>
         <size>0x60</size>
         <input_file_ref idref="fl-28"/>
      </object_component>
      <object_component id="oc-253">
         <name>.text:xQueueGenericCreate</name>
         <load_address>0x1003cf0</load_address>
         <run_address>0x1003cf0</run_address>
         <size>0x60</size>
         <input_file_ref idref="fl-1b"/>
      </object_component>
      <object_component id="oc-299">
         <name>.text:prvIdleTask</name>
         <load_address>0x1003d50</load_address>
         <run_address>0x1003d50</run_address>
         <size>0x5c</size>
         <input_file_ref idref="fl-1c"/>
      </object_component>
      <object_component id="oc-38d">
         <name>.text:pthread_exit</name>
         <load_address>0x1003dac</load_address>
         <run_address>0x1003dac</run_address>
         <size>0x5c</size>
         <input_file_ref idref="fl-22"/>
      </object_component>
      <object_component id="oc-626">
         <name>.text:vQueueWaitForMessageRestricted</name>
         <load_address>0x1003e08</load_address>
         <run_address>0x1003e08</run_address>
         <size>0x5c</size>
         <input_file_ref idref="fl-1b"/>
      </object_component>
      <object_component id="oc-3e6">
         <name>.text:vTaskDelay</name>
         <load_address>0x1003e64</load_address>
         <run_address>0x1003e64</run_address>
         <size>0x5c</size>
         <input_file_ref idref="fl-1c"/>
      </object_component>
      <object_component id="oc-308">
         <name>.text:PRCMPeripheralReset</name>
         <load_address>0x1003ec0</load_address>
         <run_address>0x1003ec0</run_address>
         <size>0x58</size>
         <input_file_ref idref="fl-28"/>
      </object_component>
      <object_component id="oc-74f">
         <name>.text:Power_releaseDependency</name>
         <load_address>0x1003f18</load_address>
         <run_address>0x1003f18</run_address>
         <size>0x58</size>
         <input_file_ref idref="fl-10"/>
      </object_component>
      <object_component id="oc-560">
         <name>.text:eTaskConfirmSleepModeStatus</name>
         <load_address>0x1003f70</load_address>
         <run_address>0x1003f70</run_address>
         <size>0x58</size>
         <input_file_ref idref="fl-1c"/>
      </object_component>
      <object_component id="oc-3a7">
         <name>.text:vPortSetupTimerInterrupt</name>
         <load_address>0x1003fc8</load_address>
         <run_address>0x1003fc8</run_address>
         <size>0x58</size>
         <input_file_ref idref="fl-1e"/>
      </object_component>
      <object_component id="oc-28d">
         <name>.text:xTimerCreateTimerTask</name>
         <load_address>0x1004020</load_address>
         <run_address>0x1004020</run_address>
         <size>0x54</size>
         <input_file_ref idref="fl-1d"/>
      </object_component>
      <object_component id="oc-7c7">
         <name>.text:PowerCC32XX_resumeLPDS</name>
         <load_address>0x1004074</load_address>
         <run_address>0x1004074</run_address>
         <size>0x52</size>
         <input_file_ref idref="fl-11"/>
      </object_component>
      <object_component id="oc-58">
         <name>.text:nmiISR</name>
         <load_address>0x10040c6</load_address>
         <run_address>0x10040c6</run_address>
         <size>0x2</size>
         <input_file_ref idref="fl-20"/>
      </object_component>
      <object_component id="oc-76a">
         <name>.text:TimerCC32XX_allocateTimerResource</name>
         <load_address>0x10040c8</load_address>
         <run_address>0x10040c8</run_address>
         <size>0x50</size>
         <input_file_ref idref="fl-14"/>
      </object_component>
      <object_component id="oc-47a">
         <name>.text:pxPortInitialiseStack</name>
         <load_address>0x1004118</load_address>
         <run_address>0x1004118</run_address>
         <size>0x50</size>
         <input_file_ref idref="fl-1e"/>
      </object_component>
      <object_component id="oc-7be">
         <name>.text:PowerCC32XX_parkPin</name>
         <load_address>0x1004168</load_address>
         <run_address>0x1004168</run_address>
         <size>0x4c</size>
         <input_file_ref idref="fl-10"/>
      </object_component>
      <object_component id="oc-78f">
         <name>.text:getDutyCounts</name>
         <load_address>0x10041b4</load_address>
         <run_address>0x10041b4</run_address>
         <size>0x4c</size>
         <input_file_ref idref="fl-13"/>
      </object_component>
      <object_component id="oc-799">
         <name>.text:getPeriodCounts</name>
         <load_address>0x1004200</load_address>
         <run_address>0x1004200</run_address>
         <size>0x4c</size>
         <input_file_ref idref="fl-13"/>
      </object_component>
      <object_component id="oc-50">
         <name>.text:initVectors</name>
         <load_address>0x100424c</load_address>
         <run_address>0x100424c</run_address>
         <size>0x4c</size>
         <input_file_ref idref="fl-20"/>
      </object_component>
      <object_component id="oc-394">
         <name>.text:prvCheckForValidListAndQueue</name>
         <load_address>0x1004298</load_address>
         <run_address>0x1004298</run_address>
         <size>0x4c</size>
         <input_file_ref idref="fl-1d"/>
      </object_component>
      <object_component id="oc-3b1">
         <name>.text:prvCheckTasksWaitingTermination</name>
         <load_address>0x10042e4</load_address>
         <run_address>0x10042e4</run_address>
         <size>0x4c</size>
         <input_file_ref idref="fl-1c"/>
      </object_component>
      <object_component id="oc-6d9">
         <name>.text:restorePeriphClocks</name>
         <load_address>0x1004330</load_address>
         <run_address>0x1004330</run_address>
         <size>0x4c</size>
         <input_file_ref idref="fl-10"/>
      </object_component>
      <object_component id="oc-378">
         <name>.text:vPortEnterCritical</name>
         <load_address>0x100437c</load_address>
         <run_address>0x100437c</run_address>
         <size>0x4c</size>
         <input_file_ref idref="fl-1e"/>
      </object_component>
      <object_component id="oc-688">
         <name>.text:vTaskSetThreadLocalStoragePointer</name>
         <load_address>0x10043c8</load_address>
         <run_address>0x10043c8</run_address>
         <size>0x4c</size>
         <input_file_ref idref="fl-1c"/>
      </object_component>
      <object_component id="oc-7e2">
         <name>.text:FlashDisable</name>
         <load_address>0x1004414</load_address>
         <run_address>0x1004414</run_address>
         <size>0x48</size>
         <input_file_ref idref="fl-2d"/>
      </object_component>
      <object_component id="oc-6e5">
         <name>.text:PRCMLPDSEnter</name>
         <load_address>0x100445c</load_address>
         <run_address>0x100445c</run_address>
         <size>0x48</size>
         <input_file_ref idref="fl-28"/>
      </object_component>
      <object_component id="oc-302">
         <name>.text:PRCMPeripheralClkEnable</name>
         <load_address>0x10044a4</load_address>
         <run_address>0x10044a4</run_address>
         <size>0x48</size>
         <input_file_ref idref="fl-28"/>
      </object_component>
      <object_component id="oc-7a8">
         <name>.text:Power_releaseConstraint</name>
         <load_address>0x10044ec</load_address>
         <run_address>0x10044ec</run_address>
         <size>0x48</size>
         <input_file_ref idref="fl-10"/>
      </object_component>
      <object_component id="oc-142">
         <name>.text:uxListRemove</name>
         <load_address>0x1004534</load_address>
         <run_address>0x1004534</run_address>
         <size>0x48</size>
         <input_file_ref idref="fl-24"/>
      </object_component>
      <object_component id="oc-7cc">
         <name>.text:PRCMLPDSRestoreInfoSet</name>
         <load_address>0x100457c</load_address>
         <run_address>0x100457c</run_address>
         <size>0x44</size>
         <input_file_ref idref="fl-28"/>
      </object_component>
      <object_component id="oc-2a0">
         <name>.text:PWM_init</name>
         <load_address>0x10045c0</load_address>
         <run_address>0x10045c0</run_address>
         <size>0x44</size>
         <input_file_ref idref="fl-12"/>
      </object_component>
      <object_component id="oc-6ce">
         <name>.text:PowerCC32XX_enterLPDS</name>
         <load_address>0x1004604</load_address>
         <run_address>0x1004604</run_address>
         <size>0x44</size>
         <input_file_ref idref="fl-11"/>
      </object_component>
      <object_component id="oc-1a9">
         <name>.text:__TI_auto_init_nobinit_nopinit:__TI_auto_init_nobinit_nopinit</name>
         <load_address>0x1004648</load_address>
         <run_address>0x1004648</run_address>
         <size>0x44</size>
         <input_file_ref idref="fl-ec"/>
      </object_component>
      <object_component id="oc-35b">
         <name>.text:prvInitialiseNewQueue</name>
         <load_address>0x100468c</load_address>
         <run_address>0x100468c</run_address>
         <size>0x44</size>
         <input_file_ref idref="fl-1b"/>
      </object_component>
      <object_component id="oc-594">
         <name>.text:vTaskStepTick</name>
         <load_address>0x10046d0</load_address>
         <run_address>0x10046d0</run_address>
         <size>0x44</size>
         <input_file_ref idref="fl-1c"/>
      </object_component>
      <object_component id="oc-2ac">
         <name>.text:PWM_open</name>
         <load_address>0x1004714</load_address>
         <run_address>0x1004714</run_address>
         <size>0x40</size>
         <input_file_ref idref="fl-12"/>
      </object_component>
      <object_component id="oc-31a">
         <name>.text:PinModeSet</name>
         <load_address>0x1004754</load_address>
         <run_address>0x1004754</run_address>
         <size>0x40</size>
         <input_file_ref idref="fl-27"/>
      </object_component>
      <object_component id="oc-3e0">
         <name>.text:__aeabi_errno_addr</name>
         <load_address>0x1004794</load_address>
         <run_address>0x1004794</run_address>
         <size>0x40</size>
         <input_file_ref idref="fl-25"/>
      </object_component>
      <object_component id="oc-727">
         <name>.text:vTaskPlaceOnEventListRestricted</name>
         <load_address>0x10047d4</load_address>
         <run_address>0x10047d4</run_address>
         <size>0x40</size>
         <input_file_ref idref="fl-1c"/>
      </object_component>
      <object_component id="oc-492">
         <name>.text:pthread_setcancelstate</name>
         <load_address>0x1004814</load_address>
         <run_address>0x1004814</run_address>
         <size>0x3e</size>
         <input_file_ref idref="fl-22"/>
      </object_component>
      <object_component id="oc-6b4">
         <name>.text</name>
         <load_address>0x1004852</load_address>
         <run_address>0x1004852</run_address>
         <size>0x2</size>
         <input_file_ref idref="fl-eb"/>
      </object_component>
      <object_component id="oc-554">
         <name>.text:PRCMSlowClkCtrFastGet</name>
         <load_address>0x1004854</load_address>
         <run_address>0x1004854</run_address>
         <size>0x3c</size>
         <input_file_ref idref="fl-28"/>
      </object_component>
      <object_component id="oc-7a1">
         <name>.text:Power_setConstraint</name>
         <load_address>0x1004890</load_address>
         <run_address>0x1004890</run_address>
         <size>0x3c</size>
         <input_file_ref idref="fl-10"/>
      </object_component>
      <object_component id="oc-736">
         <name>.text:prvCopyDataFromQueue</name>
         <load_address>0x10048cc</load_address>
         <run_address>0x10048cc</run_address>
         <size>0x3c</size>
         <input_file_ref idref="fl-1b"/>
      </object_component>
      <object_component id="oc-13c">
         <name>.text:prvResetNextTaskUnblockTime</name>
         <load_address>0x1004908</load_address>
         <run_address>0x1004908</run_address>
         <size>0x3c</size>
         <input_file_ref idref="fl-1c"/>
      </object_component>
      <object_component id="oc-680">
         <name>.text:pvTaskGetThreadLocalStoragePointer</name>
         <load_address>0x1004944</load_address>
         <run_address>0x1004944</run_address>
         <size>0x3c</size>
         <input_file_ref idref="fl-1c"/>
      </object_component>
      <object_component id="oc-2b8">
         <name>.text:usleep</name>
         <load_address>0x1004980</load_address>
         <run_address>0x1004980</run_address>
         <size>0x3c</size>
         <input_file_ref idref="fl-23"/>
      </object_component>
      <object_component id="oc-148">
         <name>.text:vListInsertEnd</name>
         <load_address>0x10049bc</load_address>
         <run_address>0x10049bc</run_address>
         <size>0x3c</size>
         <input_file_ref idref="fl-24"/>
      </object_component>
      <object_component id="oc-749">
         <name>.text:getPowerMgrId</name>
         <load_address>0x10049f8</load_address>
         <run_address>0x10049f8</run_address>
         <size>0x3a</size>
         <input_file_ref idref="fl-13"/>
      </object_component>
      <object_component id="oc-6eb">
         <name>.text:PRCMLPDSEnterKeepDebugIf</name>
         <load_address>0x1004a34</load_address>
         <run_address>0x1004a34</run_address>
         <size>0x38</size>
         <input_file_ref idref="fl-28"/>
      </object_component>
      <object_component id="oc-6bc">
         <name>.text:notify</name>
         <load_address>0x1004a6c</load_address>
         <run_address>0x1004a6c</run_address>
         <size>0x38</size>
         <input_file_ref idref="fl-10"/>
      </object_component>
      <object_component id="oc-4cc">
         <name>.text:prvGetNextExpireTime</name>
         <load_address>0x1004aa4</load_address>
         <run_address>0x1004aa4</run_address>
         <size>0x38</size>
         <input_file_ref idref="fl-1d"/>
      </object_component>
      <object_component id="oc-5bc">
         <name>.text:prvTaskExitError</name>
         <load_address>0x1004adc</load_address>
         <run_address>0x1004adc</run_address>
         <size>0x38</size>
         <input_file_ref idref="fl-1e"/>
      </object_component>
      <object_component id="oc-314">
         <name>.text:PinModeGet</name>
         <load_address>0x1004b14</load_address>
         <run_address>0x1004b14</run_address>
         <size>0x34</size>
         <input_file_ref idref="fl-27"/>
      </object_component>
      <object_component id="oc-743">
         <name>.text:TimerCC32XX_freeTimerResource</name>
         <load_address>0x1004b48</load_address>
         <run_address>0x1004b48</run_address>
         <size>0x34</size>
         <input_file_ref idref="fl-14"/>
      </object_component>
      <object_component id="oc-7f9">
         <name>.text:getPowerMgrId</name>
         <load_address>0x1004b7c</load_address>
         <run_address>0x1004b7c</run_address>
         <size>0x34</size>
         <input_file_ref idref="fl-14"/>
      </object_component>
      <object_component id="oc-61e">
         <name>.text:prvSampleTimeNow</name>
         <load_address>0x1004bb0</load_address>
         <run_address>0x1004bb0</run_address>
         <size>0x34</size>
         <input_file_ref idref="fl-1d"/>
      </object_component>
      <object_component id="oc-5f5">
         <name>.text:vTaskPlaceOnEventList</name>
         <load_address>0x1004be4</load_address>
         <run_address>0x1004be4</run_address>
         <size>0x34</size>
         <input_file_ref idref="fl-1c"/>
      </object_component>
      <object_component id="oc-7db">
         <name>.text:PowerCC32XX_restoreParkedPin</name>
         <load_address>0x1004c18</load_address>
         <run_address>0x1004c18</run_address>
         <size>0x30</size>
         <input_file_ref idref="fl-10"/>
      </object_component>
      <object_component id="oc-4b7">
         <name>.text:vListInitialise</name>
         <load_address>0x1004c48</load_address>
         <run_address>0x1004c48</run_address>
         <size>0x30</size>
         <input_file_ref idref="fl-24"/>
      </object_component>
      <object_component id="oc-37e">
         <name>.text:vPortExitCritical</name>
         <load_address>0x1004c78</load_address>
         <run_address>0x1004c78</run_address>
         <size>0x30</size>
         <input_file_ref idref="fl-1e"/>
      </object_component>
      <object_component id="oc-25f">
         <name>.text:xTaskGetSchedulerState</name>
         <load_address>0x1004ca8</load_address>
         <run_address>0x1004ca8</run_address>
         <size>0x30</size>
         <input_file_ref idref="fl-1c"/>
      </object_component>
      <object_component id="oc-3c4">
         <name>.text:HwiP_disable</name>
         <load_address>0x1004cd8</load_address>
         <run_address>0x1004cd8</run_address>
         <size>0x2c</size>
         <input_file_ref idref="fl-17"/>
      </object_component>
      <object_component id="oc-57d">
         <name>.text:PRCMLPDSIntervalSet</name>
         <load_address>0x1004d04</load_address>
         <run_address>0x1004d04</run_address>
         <size>0x2c</size>
         <input_file_ref idref="fl-28"/>
      </object_component>
      <object_component id="oc-271">
         <name>.text:vTaskSetApplicationTaskTag</name>
         <load_address>0x1004d30</load_address>
         <run_address>0x1004d30</run_address>
         <size>0x2c</size>
         <input_file_ref idref="fl-1c"/>
      </object_component>
      <object_component id="oc-75">
         <name>.text:xPortSysTickHandler</name>
         <load_address>0x1004d5c</load_address>
         <run_address>0x1004d5c</run_address>
         <size>0x2c</size>
         <input_file_ref idref="fl-1e"/>
      </object_component>
      <object_component id="oc-583">
         <name>.text:PRCMLPDSWakeupSourceEnable</name>
         <load_address>0x1004d88</load_address>
         <run_address>0x1004d88</run_address>
         <size>0x28</size>
         <input_file_ref idref="fl-28"/>
      </object_component>
      <object_component id="oc-30e">
         <name>.text:PRCMPeripheralClkDisable</name>
         <load_address>0x1004db0</load_address>
         <run_address>0x1004db0</run_address>
         <size>0x28</size>
         <input_file_ref idref="fl-28"/>
      </object_component>
      <object_component id="oc-776">
         <name>.text:Power_registerNotify</name>
         <load_address>0x1004dd8</load_address>
         <run_address>0x1004dd8</run_address>
         <size>0x28</size>
         <input_file_ref idref="fl-10"/>
      </object_component>
      <object_component id="oc-16e">
         <name>.text:pthread_attr_setschedparam</name>
         <load_address>0x1004e00</load_address>
         <run_address>0x1004e00</run_address>
         <size>0x28</size>
         <input_file_ref idref="fl-22"/>
      </object_component>
      <object_component id="oc-5d3">
         <name>.text:xTaskGetApplicationTaskTag</name>
         <load_address>0x1004e28</load_address>
         <run_address>0x1004e28</run_address>
         <size>0x28</size>
         <input_file_ref idref="fl-1c"/>
      </object_component>
      <object_component id="oc-814">
         <name>.text:List_put</name>
         <load_address>0x1004e50</load_address>
         <run_address>0x1004e50</run_address>
         <size>0x26</size>
         <input_file_ref idref="fl-15"/>
      </object_component>
      <object_component id="oc-806">
         <name>.text:List_remove</name>
         <load_address>0x1004e76</load_address>
         <run_address>0x1004e76</run_address>
         <size>0x26</size>
         <input_file_ref idref="fl-15"/>
      </object_component>
      <object_component id="oc-498">
         <name>.text:_pthread_cleanup_pop</name>
         <load_address>0x1004e9c</load_address>
         <run_address>0x1004e9c</run_address>
         <size>0x26</size>
         <input_file_ref idref="fl-22"/>
      </object_component>
      <object_component id="oc-5ef">
         <name>.text:prvIsQueueFull</name>
         <load_address>0x1004ec2</load_address>
         <run_address>0x1004ec2</run_address>
         <size>0x26</size>
         <input_file_ref idref="fl-1b"/>
      </object_component>
      <object_component id="oc-b7">
         <name>.text:_c_int00_noargs:_c_int00_noargs</name>
         <load_address>0x1004ee8</load_address>
         <run_address>0x1004ee8</run_address>
         <size>0x24</size>
         <input_file_ref idref="fl-ea"/>
      </object_component>
      <object_component id="oc-277">
         <name>.text:vQueueDelete</name>
         <load_address>0x1004f0c</load_address>
         <run_address>0x1004f0c</run_address>
         <size>0x24</size>
         <input_file_ref idref="fl-1b"/>
      </object_component>
      <object_component id="oc-5e3">
         <name>.text:vTaskInternalSetTimeOutState</name>
         <load_address>0x1004f30</load_address>
         <run_address>0x1004f30</run_address>
         <size>0x24</size>
         <input_file_ref idref="fl-1c"/>
      </object_component>
      <object_component id="oc-174">
         <name>.text:pthread_attr_setdetachstate</name>
         <load_address>0x1004f54</load_address>
         <run_address>0x1004f54</run_address>
         <size>0x22</size>
         <input_file_ref idref="fl-22"/>
      </object_component>
      <object_component id="oc-81e">
         <name>.text:ClockP_getCpuFreq</name>
         <load_address>0x1004f78</load_address>
         <run_address>0x1004f78</run_address>
         <size>0x20</size>
         <input_file_ref idref="fl-16"/>
      </object_component>
      <object_component id="oc-3ca">
         <name>.text:HwiP_restore</name>
         <load_address>0x1004f98</load_address>
         <run_address>0x1004f98</run_address>
         <size>0x20</size>
         <input_file_ref idref="fl-17"/>
      </object_component>
      <object_component id="oc-755">
         <name>.text:Power_unregisterNotify</name>
         <load_address>0x1004fb8</load_address>
         <run_address>0x1004fb8</run_address>
         <size>0x20</size>
         <input_file_ref idref="fl-10"/>
      </object_component>
      <object_component id="oc-73c">
         <name>.text:prvIsQueueEmpty</name>
         <load_address>0x1004fd8</load_address>
         <run_address>0x1004fd8</run_address>
         <size>0x20</size>
         <input_file_ref idref="fl-1b"/>
      </object_component>
      <object_component id="oc-286">
         <name>.text:_pthread_runStub</name>
         <load_address>0x1004ff8</load_address>
         <run_address>0x1004ff8</run_address>
         <size>0x1e</size>
         <input_file_ref idref="fl-22"/>
      </object_component>
      <object_component id="oc-75b">
         <name>.text:PinToPadGet</name>
         <load_address>0x1005018</load_address>
         <run_address>0x1005018</run_address>
         <size>0x1c</size>
         <input_file_ref idref="fl-27"/>
      </object_component>
      <object_component id="oc-168">
         <name>.text:pthread_attr_init</name>
         <load_address>0x1005034</load_address>
         <run_address>0x1005034</run_address>
         <size>0x1c</size>
         <input_file_ref idref="fl-22"/>
      </object_component>
      <object_component id="oc-603">
         <name>.text:PTLS_taskDeleteHook</name>
         <load_address>0x1005050</load_address>
         <run_address>0x1005050</run_address>
         <size>0x1a</size>
         <input_file_ref idref="fl-21"/>
      </object_component>
      <object_component id="oc-3a0">
         <name>.text:prvTimerTask</name>
         <load_address>0x100506a</load_address>
         <run_address>0x100506a</run_address>
         <size>0x1a</size>
         <input_file_ref idref="fl-1d"/>
      </object_component>
      <object_component id="oc-4ed">
         <name>.text:Power_idleFunc</name>
         <load_address>0x1005084</load_address>
         <run_address>0x1005084</run_address>
         <size>0x18</size>
         <input_file_ref idref="fl-10"/>
      </object_component>
      <object_component id="oc-58f">
         <name>.text</name>
         <load_address>0x100509c</load_address>
         <run_address>0x100509c</run_address>
         <size>0x18</size>
         <input_file_ref idref="fl-e4"/>
      </object_component>
      <object_component id="oc-2fc">
         <name>.text:PRCMHIBRegRead</name>
         <load_address>0x10050b4</load_address>
         <run_address>0x10050b4</run_address>
         <size>0x16</size>
         <input_file_ref idref="fl-28"/>
      </object_component>
      <object_component id="oc-2f6">
         <name>.text:PRCMHIBRegWrite</name>
         <load_address>0x10050ca</load_address>
         <run_address>0x10050ca</run_address>
         <size>0x16</size>
         <input_file_ref idref="fl-28"/>
      </object_component>
      <object_component id="oc-508">
         <name>.text:PTLS_getBuf</name>
         <load_address>0x10050e0</load_address>
         <run_address>0x10050e0</run_address>
         <size>0x16</size>
         <input_file_ref idref="fl-21"/>
      </object_component>
      <object_component id="oc-50e">
         <name>.text:PTLS_setBuf</name>
         <load_address>0x10050f6</load_address>
         <run_address>0x10050f6</run_address>
         <size>0x16</size>
         <input_file_ref idref="fl-21"/>
      </object_component>
      <object_component id="oc-21">
         <name>.text:resetISR</name>
         <load_address>0x100510c</load_address>
         <run_address>0x100510c</run_address>
         <size>0x16</size>
         <input_file_ref idref="fl-20"/>
      </object_component>
      <object_component id="oc-fd">
         <name>.text:CPUcpsie</name>
         <load_address>0x1005122</load_address>
         <run_address>0x1005122</run_address>
         <size>0x14</size>
         <input_file_ref idref="fl-2c"/>
      </object_component>
      <object_component id="oc-9b">
         <name>.text:IntVTableBaseSet</name>
         <load_address>0x1005138</load_address>
         <run_address>0x1005138</run_address>
         <size>0x14</size>
         <input_file_ref idref="fl-26"/>
      </object_component>
      <object_component id="oc-2a6">
         <name>.text:PWM_Params_init</name>
         <load_address>0x100514c</load_address>
         <run_address>0x100514c</run_address>
         <size>0x14</size>
         <input_file_ref idref="fl-12"/>
      </object_component>
      <object_component id="oc-7d4">
         <name>.text:Power_getDependencyCount</name>
         <load_address>0x1005160</load_address>
         <run_address>0x1005160</run_address>
         <size>0x14</size>
         <input_file_ref idref="fl-10"/>
      </object_component>
      <object_component id="oc-4e2">
         <name>.text:prvDeleteTCB</name>
         <load_address>0x1005174</load_address>
         <run_address>0x1005174</run_address>
         <size>0x14</size>
         <input_file_ref idref="fl-1c"/>
      </object_component>
      <object_component id="oc-17a">
         <name>.text:pthread_attr_setstacksize</name>
         <load_address>0x1005188</load_address>
         <run_address>0x1005188</run_address>
         <size>0x14</size>
         <input_file_ref idref="fl-22"/>
      </object_component>
      <object_component id="oc-48c">
         <name>.text:pthread_self</name>
         <load_address>0x100519c</load_address>
         <run_address>0x100519c</run_address>
         <size>0x14</size>
         <input_file_ref idref="fl-22"/>
      </object_component>
      <object_component id="oc-3bd">
         <name>.text:vPortSuppressTicksAndSleep</name>
         <load_address>0x10051b0</load_address>
         <run_address>0x10051b0</run_address>
         <size>0x14</size>
         <input_file_ref idref="fl-18"/>
      </object_component>
      <object_component id="oc-5cd">
         <name>.text:xTaskGetCurrentTaskHandle</name>
         <load_address>0x10051c4</load_address>
         <run_address>0x10051c4</run_address>
         <size>0x14</size>
         <input_file_ref idref="fl-1c"/>
      </object_component>
      <object_component id="oc-71a">
         <name>.text:xTaskGetTickCount</name>
         <load_address>0x10051d8</load_address>
         <run_address>0x10051d8</run_address>
         <size>0x14</size>
         <input_file_ref idref="fl-1c"/>
      </object_component>
      <object_component id="oc-788">
         <name>.text:postNotifyFxn</name>
         <load_address>0x10051ec</load_address>
         <run_address>0x10051ec</run_address>
         <size>0x12</size>
         <input_file_ref idref="fl-13"/>
      </object_component>
      <object_component id="oc-162">
         <name>.text:Board_init</name>
         <load_address>0x10051fe</load_address>
         <run_address>0x10051fe</run_address>
         <size>0x10</size>
         <input_file_ref idref="fl-4"/>
      </object_component>
      <object_component id="oc-56c">
         <name>.text:ClockP_getSystemTickPeriod</name>
         <load_address>0x100520e</load_address>
         <run_address>0x100520e</run_address>
         <size>0x10</size>
         <input_file_ref idref="fl-16"/>
      </object_component>
      <object_component id="oc-55a">
         <name>.text:SysTickDisable</name>
         <load_address>0x1005220</load_address>
         <run_address>0x1005220</run_address>
         <size>0x10</size>
         <input_file_ref idref="fl-29"/>
      </object_component>
      <object_component id="oc-566">
         <name>.text:SysTickEnable</name>
         <load_address>0x1005230</load_address>
         <run_address>0x1005230</run_address>
         <size>0x10</size>
         <input_file_ref idref="fl-29"/>
      </object_component>
      <object_component id="oc-474">
         <name>.text:vListInitialiseItem</name>
         <load_address>0x1005240</load_address>
         <run_address>0x1005240</run_address>
         <size>0x10</size>
         <input_file_ref idref="fl-24"/>
      </object_component>
      <object_component id="oc-265">
         <name>.text:vTaskSuspendAll</name>
         <load_address>0x1005250</load_address>
         <run_address>0x1005250</run_address>
         <size>0x10</size>
         <input_file_ref idref="fl-1c"/>
      </object_component>
      <object_component id="oc-572">
         <name>.text:Power_getTransitionLatency</name>
         <load_address>0x1005260</load_address>
         <run_address>0x1005260</run_address>
         <size>0xe</size>
         <input_file_ref idref="fl-10"/>
      </object_component>
      <object_component id="oc-1a">
         <name>.text:decompress:none:__TI_decompress_none</name>
         <load_address>0x100526e</load_address>
         <run_address>0x100526e</run_address>
         <size>0xe</size>
         <input_file_ref idref="fl-e8"/>
      </object_component>
      <object_component id="oc-6f4">
         <name>.text:CPUwfi</name>
         <load_address>0x100527c</load_address>
         <run_address>0x100527c</run_address>
         <size>0xc</size>
         <input_file_ref idref="fl-2c"/>
      </object_component>
      <object_component id="oc-54e">
         <name>.text:Power_getConstraintMask</name>
         <load_address>0x1005288</load_address>
         <run_address>0x1005288</run_address>
         <size>0xc</size>
         <input_file_ref idref="fl-10"/>
      </object_component>
      <object_component id="oc-4a">
         <name>.text:decompress:ZI:__TI_zero_init</name>
         <load_address>0x1005294</load_address>
         <run_address>0x1005294</run_address>
         <size>0xc</size>
         <input_file_ref idref="fl-e7"/>
      </object_component>
      <object_component id="oc-712">
         <name>.text:vTaskMissedYield</name>
         <load_address>0x10052a0</load_address>
         <run_address>0x10052a0</run_address>
         <size>0xc</size>
         <input_file_ref idref="fl-1c"/>
      </object_component>
      <object_component id="oc-a1">
         <name>.text:IntMasterEnable</name>
         <load_address>0x10052ac</load_address>
         <run_address>0x10052ac</run_address>
         <size>0xa</size>
         <input_file_ref idref="fl-26"/>
      </object_component>
      <object_component id="oc-2be">
         <name>.text:PWM_setDuty</name>
         <load_address>0x10052b6</load_address>
         <run_address>0x10052b6</run_address>
         <size>0xa</size>
         <input_file_ref idref="fl-12"/>
      </object_component>
      <object_component id="oc-2b2">
         <name>.text:PWM_start</name>
         <load_address>0x10052c0</load_address>
         <run_address>0x10052c0</run_address>
         <size>0xa</size>
         <input_file_ref idref="fl-12"/>
      </object_component>
      <object_component id="oc-132">
         <name>.text:vApplicationStackOverflowHook</name>
         <load_address>0x10052ca</load_address>
         <run_address>0x10052ca</run_address>
         <size>0xa</size>
         <input_file_ref idref="fl-2"/>
      </object_component>
      <object_component id="oc-59a">
         <name>.text:PRCMSleepEnter</name>
         <load_address>0x10052d4</load_address>
         <run_address>0x10052d4</run_address>
         <size>0x8</size>
         <input_file_ref idref="fl-28"/>
      </object_component>
      <object_component id="oc-64c">
         <name>.text:PWMTimerCC32XX_control</name>
         <load_address>0x10052dc</load_address>
         <run_address>0x10052dc</run_address>
         <size>0x6</size>
         <input_file_ref idref="fl-13"/>
      </object_component>
      <object_component id="oc-2f5">
         <name>.text:UtilsDelay</name>
         <load_address>0x10052e2</load_address>
         <run_address>0x10052e2</run_address>
         <size>0x6</size>
         <input_file_ref idref="fl-2b"/>
      </object_component>
      <object_component id="oc-10a">
         <name>.text:_system_pre_init</name>
         <load_address>0x10052e8</load_address>
         <run_address>0x10052e8</run_address>
         <size>0x4</size>
         <input_file_ref idref="fl-ed"/>
      </object_component>
      <object_component id="oc-19d">
         <name>.text:abort:abort</name>
         <load_address>0x10052ec</load_address>
         <run_address>0x10052ec</run_address>
         <size>0x4</size>
         <input_file_ref idref="fl-ef"/>
      </object_component>
      <object_component id="oc-429">
         <name>.const:g_ulPinToPadMap</name>
         <load_address>0x10052f0</load_address>
         <run_address>0x10052f0</run_address>
         <size>0x100</size>
         <input_file_ref idref="fl-27"/>
      </object_component>
      <object_component id="oc-422">
         <name>.const:PRCM_PeriphRegsList</name>
         <load_address>0x10053f0</load_address>
         <run_address>0x10053f0</run_address>
         <size>0xa8</size>
         <input_file_ref idref="fl-28"/>
      </object_component>
      <object_component id="oc-32a">
         <name>.const:PowerCC32XX_config</name>
         <load_address>0x1005498</load_address>
         <run_address>0x1005498</run_address>
         <size>0x40</size>
         <input_file_ref idref="fl-4"/>
      </object_component>
      <object_component id="oc-4fd">
         <name>.const:PWMTimerCC32XX_fxnTable</name>
         <load_address>0x10054d8</load_address>
         <run_address>0x10054d8</run_address>
         <size>0x24</size>
         <input_file_ref idref="fl-13"/>
      </object_component>
      <object_component id="oc-7ae">
         <name>.const:gpioPinIndexes</name>
         <load_address>0x10054fc</load_address>
         <run_address>0x10054fc</run_address>
         <size>0x20</size>
         <input_file_ref idref="fl-13"/>
      </object_component>
      <object_component id="oc-3d6">
         <name>.const:PWM_config</name>
         <load_address>0x100551c</load_address>
         <run_address>0x100551c</run_address>
         <size>0x18</size>
         <input_file_ref idref="fl-4"/>
      </object_component>
      <object_component id="oc-3da">
         <name>.const:PWM_defaultParams</name>
         <load_address>0x1005534</load_address>
         <run_address>0x1005534</run_address>
         <size>0x18</size>
         <input_file_ref idref="fl-12"/>
      </object_component>
      <object_component id="oc-104">
         <name>.const:g_pulEnRegs</name>
         <load_address>0x100554c</load_address>
         <run_address>0x100554c</run_address>
         <size>0x18</size>
         <input_file_ref idref="fl-26"/>
      </object_component>
      <object_component id="oc-764">
         <name>.const:gpioBaseAddresses</name>
         <load_address>0x1005564</load_address>
         <run_address>0x1005564</run_address>
         <size>0x10</size>
         <input_file_ref idref="fl-13"/>
      </object_component>
      <object_component id="oc-761">
         <name>.const:timerBaseAddresses</name>
         <load_address>0x1005574</load_address>
         <run_address>0x1005574</run_address>
         <size>0x10</size>
         <input_file_ref idref="fl-13"/>
      </object_component>
      <object_component id="oc-d0">
         <name>.const</name>
         <load_address>0x1005584</load_address>
         <run_address>0x1005584</run_address>
         <size>0x8</size>
         <input_file_ref idref="fl-1e"/>
      </object_component>
      <object_component id="oc-501">
         <name>.const:pwmTimerCC32XXHWAttrs</name>
         <load_address>0x100558c</load_address>
         <run_address>0x100558c</run_address>
         <size>0x8</size>
         <input_file_ref idref="fl-4"/>
      </object_component>
      <object_component id="oc-795">
         <name>.const:timerHalves</name>
         <load_address>0x1005594</load_address>
         <run_address>0x1005594</run_address>
         <size>0x8</size>
         <input_file_ref idref="fl-13"/>
      </object_component>
      <object_component id="oc-283">
         <name>.const</name>
         <load_address>0x100559c</load_address>
         <run_address>0x100559c</run_address>
         <size>0x4</size>
         <input_file_ref idref="fl-22"/>
      </object_component>
      <object_component id="oc-3d3">
         <name>.const</name>
         <load_address>0x10055a0</load_address>
         <run_address>0x10055a0</run_address>
         <size>0x3</size>
         <input_file_ref idref="fl-4"/>
      </object_component>
      <object_component id="oc-38a">
         <name>.const:.string</name>
         <load_address>0x10055a4</load_address>
         <run_address>0x10055a4</run_address>
         <size>0x2</size>
         <input_file_ref idref="fl-22"/>
      </object_component>
      <object_component id="oc-87a">
         <name>.cinit..data.load</name>
         <load_address>0x10055a8</load_address>
         <run_address>0x10055a8</run_address>
         <size>0xb4</size>
      </object_component>
      <object_component id="oc-878">
         <name>__TI_handler_table</name>
         <load_address>0x100565c</load_address>
         <run_address>0x100565c</run_address>
         <size>0xc</size>
      </object_component>
      <object_component id="oc-87b">
         <name>.cinit..bss.load</name>
         <load_address>0x1005668</load_address>
         <run_address>0x1005668</run_address>
         <size>0x8</size>
      </object_component>
      <object_component id="oc-879">
         <name>__TI_cinit_table</name>
         <load_address>0x1005670</load_address>
         <run_address>0x1005670</run_address>
         <size>0x10</size>
      </object_component>
      <object_component id="oc-444">
         <name>.data:parkInfo</name>
         <load_address>0x20008760</load_address>
         <run_address>0x20008760</run_address>
         <size>0xf8</size>
         <input_file_ref idref="fl-4"/>
      </object_component>
      <object_component id="oc-327">
         <name>.data:PowerCC32XX_module</name>
         <load_address>0x200085f4</load_address>
         <run_address>0x200085f4</run_address>
         <size>0x16c</size>
         <input_file_ref idref="fl-10"/>
      </object_component>
      <object_component id="oc-3d0">
         <name>.data</name>
         <load_address>0x200088e0</load_address>
         <run_address>0x200088e0</run_address>
         <size>0x1</size>
         <input_file_ref idref="fl-12"/>
      </object_component>
      <object_component id="oc-4f3">
         <name>.data</name>
         <load_address>0x200088dc</load_address>
         <run_address>0x200088dc</run_address>
         <size>0x4</size>
         <input_file_ref idref="fl-18"/>
      </object_component>
      <object_component id="oc-353">
         <name>.data</name>
         <load_address>0x2000888c</load_address>
         <run_address>0x2000888c</run_address>
         <size>0x18</size>
         <input_file_ref idref="fl-1a"/>
      </object_component>
      <object_component id="oc-cd">
         <name>.data</name>
         <load_address>0x20008858</load_address>
         <run_address>0x20008858</run_address>
         <size>0x34</size>
         <input_file_ref idref="fl-1c"/>
      </object_component>
      <object_component id="oc-39a">
         <name>.data</name>
         <load_address>0x200088d0</load_address>
         <run_address>0x200088d0</run_address>
         <size>0xc</size>
         <input_file_ref idref="fl-1d"/>
      </object_component>
      <object_component id="oc-3ad">
         <name>.data</name>
         <load_address>0x200088a4</load_address>
         <run_address>0x200088a4</run_address>
         <size>0x18</size>
         <input_file_ref idref="fl-1e"/>
      </object_component>
      <object_component id="oc-245">
         <name>.data:defaultPthreadAttrs</name>
         <load_address>0x200088bc</load_address>
         <run_address>0x200088bc</run_address>
         <size>0x14</size>
         <input_file_ref idref="fl-22"/>
      </object_component>
      <object_component id="oc-7ff">
         <name>.bss:timerState</name>
         <uninitialized>true</uninitialized>
         <run_address>0x200085f0</run_address>
         <size>0x4</size>
         <input_file_ref idref="fl-14"/>
      </object_component>
      <object_component id="oc-451">
         <name>.bss:ucHeap</name>
         <uninitialized>true</uninitialized>
         <run_address>0x2000030c</run_address>
         <size>0x8000</size>
         <input_file_ref idref="fl-1a"/>
      </object_component>
      <object_component id="oc-356">
         <name>.bss:xStart</name>
         <uninitialized>true</uninitialized>
         <run_address>0x200085e4</run_address>
         <size>0x8</size>
         <input_file_ref idref="fl-1a"/>
      </object_component>
      <object_component id="oc-138">
         <name>.bss:pxReadyTasksLists</name>
         <uninitialized>true</uninitialized>
         <run_address>0x20008438</run_address>
         <size>0xc8</size>
         <input_file_ref idref="fl-1c"/>
      </object_component>
      <object_component id="oc-5c3">
         <name>.bss:xDelayedTaskList1</name>
         <uninitialized>true</uninitialized>
         <run_address>0x20008570</run_address>
         <size>0x14</size>
         <input_file_ref idref="fl-1c"/>
      </object_component>
      <object_component id="oc-5c6">
         <name>.bss:xDelayedTaskList2</name>
         <uninitialized>true</uninitialized>
         <run_address>0x20008584</run_address>
         <size>0x14</size>
         <input_file_ref idref="fl-1c"/>
      </object_component>
      <object_component id="oc-14e">
         <name>.bss</name>
         <uninitialized>true</uninitialized>
         <run_address>0x200085d4</run_address>
         <size>0x8</size>
         <input_file_ref idref="fl-1c"/>
      </object_component>
      <object_component id="oc-386">
         <name>.bss:xPendingReadyList</name>
         <uninitialized>true</uninitialized>
         <run_address>0x20008598</run_address>
         <size>0x14</size>
         <input_file_ref idref="fl-1c"/>
      </object_component>
      <object_component id="oc-4e8">
         <name>.bss:xTasksWaitingTermination</name>
         <uninitialized>true</uninitialized>
         <run_address>0x200085c0</run_address>
         <size>0x14</size>
         <input_file_ref idref="fl-1c"/>
      </object_component>
      <object_component id="oc-5c9">
         <name>.bss:xSuspendedTaskList</name>
         <uninitialized>true</uninitialized>
         <run_address>0x200085ac</run_address>
         <size>0x14</size>
         <input_file_ref idref="fl-1c"/>
      </object_component>
      <object_component id="oc-4bd">
         <name>.bss:xActiveTimerList1</name>
         <uninitialized>true</uninitialized>
         <run_address>0x20008548</run_address>
         <size>0x14</size>
         <input_file_ref idref="fl-1d"/>
      </object_component>
      <object_component id="oc-4c0">
         <name>.bss:xActiveTimerList2</name>
         <uninitialized>true</uninitialized>
         <run_address>0x2000855c</run_address>
         <size>0x14</size>
         <input_file_ref idref="fl-1d"/>
      </object_component>
      <object_component id="oc-4c3">
         <name>.bss</name>
         <uninitialized>true</uninitialized>
         <run_address>0x200085dc</run_address>
         <size>0x8</size>
         <input_file_ref idref="fl-1d"/>
      </object_component>
      <object_component id="oc-514">
         <name>.bss:main_reent</name>
         <uninitialized>true</uninitialized>
         <run_address>0x200085ec</run_address>
         <size>0x4</size>
         <input_file_ref idref="fl-25"/>
      </object_component>
      <object_component id="oc-500">
         <name>.common:pwmTimerCC32XXObjects</name>
         <uninitialized>true</uninitialized>
         <run_address>0x20008500</run_address>
         <size>0x48</size>
      </object_component>
      <object_component id="oc-7c5">
         <name>.common:PowerCC32XX_contextSave</name>
         <uninitialized>true</uninitialized>
         <run_address>0x2000830c</run_address>
         <size>0x12c</size>
      </object_component>
      <object_component id="oc-2a">
         <name>.stack</name>
         <uninitialized>true</uninitialized>
         <run_address>0x2003fc00</run_address>
         <size>0x4</size>
         <input_file_ref idref="fl-ea"/>
      </object_component>
      <object_component id="oc-87d">
         <name>.stack</name>
         <uninitialized>true</uninitialized>
         <run_address>0x2003fc00</run_address>
         <size>0x0</size>
      </object_component>
      <object_component id="oc-27">
         <name>.resetVecs:retain</name>
         <load_address>0x1000800</load_address>
         <run_address>0x1000800</run_address>
         <size>0x40</size>
         <input_file_ref idref="fl-20"/>
      </object_component>
      <object_component id="oc-ad">
         <name>.ramVecs</name>
         <uninitialized>true</uninitialized>
         <run_address>0x20000000</run_address>
         <size>0x30c</size>
         <input_file_ref idref="fl-20"/>
      </object_component>
      <object_component id="oc-157">
         <name>.debug_info</name>
         <load_address>0x0</load_address>
         <run_address>0x0</run_address>
         <size>0x4bf</size>
         <input_file_ref idref="fl-2"/>
      </object_component>
      <object_component id="oc-111">
         <name>.debug_info</name>
         <load_address>0x4bf</load_address>
         <run_address>0x4bf</run_address>
         <size>0x23b</size>
         <input_file_ref idref="fl-2"/>
      </object_component>
      <object_component id="oc-133">
         <name>.debug_info</name>
         <load_address>0x6fa</load_address>
         <run_address>0x6fa</run_address>
         <size>0x1b8</size>
         <input_file_ref idref="fl-2"/>
      </object_component>
[...]
      <symbol id="sm-633">
         <name>xQueueGenericSend</name>
         <value>0x1000c6d</value>
         <object_component_ref idref="oc-4a4"/>
      </symbol>
      <symbol id="sm-634">
         <name>xQueueGenericReset</name>
         <value>0x1002911</value>
         <object_component_ref idref="oc-466"/>
      </symbol>
      <symbol id="sm-635">
         <name>vQueueWaitForMessageRestricted</name>
         <value>0x1003e09</value>
         <object_component_ref idref="oc-626"/>
      </symbol>
      <symbol id="sm-636">
         <name>vQueueDelete</name>
         <value>0x1004f0d</value>
         <object_component_ref idref="oc-277"/>
      </symbol>
      <symbol id="sm-637">
         <name>xQueueReceive</name>
         <value>0x1001151</value>
         <object_component_ref idref="oc-639"/>
      </symbol>
      <symbol id="sm-8d9">
         <name>vTaskDelay</name>
         <value>0x1003e65</value>
         <object_component_ref idref="oc-3e6"/>
      </symbol>
      <symbol id="sm-8da">
         <name>vTaskSuspendAll</name>
         <value>0x1005251</value>
         <object_component_ref idref="oc-265"/>
      </symbol>
      <symbol id="sm-8db">
         <name>vTaskPlaceOnEventList</name>
         <value>0x1004be5</value>
         <object_component_ref idref="oc-5f5"/>
      </symbol>
      <symbol id="sm-8dc">
         <name>pvTaskGetThreadLocalStoragePointer</name>
         <value>0x1004945</value>
         <object_component_ref idref="oc-680"/>
      </symbol>
      <symbol id="sm-8dd">
         <name>xTaskCheckForTimeOut</name>
         <value>0x1002a79</value>
         <object_component_ref idref="oc-5e9"/>
      </symbol>
      <symbol id="sm-8de">
         <name>xTaskPriorityDisinherit</name>
         <value>0x10020a5</value>
         <object_component_ref idref="oc-707"/>
      </symbol>
      <symbol id="sm-8df">
         <name>vTaskStartScheduler</name>
         <value>0x1003191</value>
         <object_component_ref idref="oc-186"/>
      </symbol>
      <symbol id="sm-8e0">
         <name>vTaskInternalSetTimeOutState</name>
         <value>0x1004f31</value>
         <object_component_ref idref="oc-5e3"/>
      </symbol>
      <symbol id="sm-8e1">
         <name>vTaskSetThreadLocalStoragePointer</name>
         <value>0x10043c9</value>
         <object_component_ref idref="oc-688"/>
      </symbol>
      <symbol id="sm-8e2">
         <name>xTaskCreate</name>
         <value>0x1003851</value>
         <object_component_ref idref="oc-26b"/>
      </symbol>
      <symbol id="sm-8e3">
         <name>vTaskMissedYield</name>
         <value>0x10052a1</value>
         <object_component_ref idref="oc-712"/>
      </symbol>
      <symbol id="sm-8e4">
         <name>vTaskStepTick</name>
         <value>0x10046d1</value>
         <object_component_ref idref="oc-594"/>
      </symbol>
      <symbol id="sm-8e5">
         <name>xTaskResumeAll</name>
         <value>0x1001b91</value>
         <object_component_ref idref="oc-27d"/>
      </symbol>
      <symbol id="sm-8e6">
         <name>vTaskSetApplicationTaskTag</name>
         <value>0x1004d31</value>
         <object_component_ref idref="oc-271"/>
      </symbol>
      <symbol id="sm-8e7">
         <name>xTaskGetTickCount</name>
         <value>0x10051d9</value>
         <object_component_ref idref="oc-71a"/>
      </symbol>
      <symbol id="sm-8e8">
         <name>vTaskDelete</name>
         <value>0x1001db9</value>
         <object_component_ref idref="oc-4b0"/>
      </symbol>
      <symbol id="sm-8e9">
         <name>xTaskGetApplicationTaskTag</name>
         <value>0x1004e29</value>
         <object_component_ref idref="oc-5d3"/>
      </symbol>
      <symbol id="sm-8ea">
         <name>pxCurrentTCB</name>
         <value>0x20008858</value>
         <object_component_ref idref="oc-cd"/>
      </symbol>
      <symbol id="sm-8eb">
         <name>vTaskSuspend</name>
         <value>0x1001eb9</value>
         <object_component_ref idref="oc-4aa"/>
      </symbol>
      <symbol id="sm-8ec">
         <name>vTaskPlaceOnEventListRestricted</name>
         <value>0x10047d5</value>
         <object_component_ref idref="oc-727"/>
      </symbol>
      <symbol id="sm-8ed">
         <name>xTaskIncrementTick</name>
         <value>0x10016b9</value>
         <object_component_ref idref="oc-da"/>
      </symbol>
      <symbol id="sm-8ee">
         <name>vTaskSwitchContext</name>
         <value>0x1002185</value>
         <object_component_ref idref="oc-d3"/>
      </symbol>
      <symbol id="sm-8ef">
         <name>xTaskGetSchedulerState</name>
         <value>0x1004ca9</value>
         <object_component_ref idref="oc-25f"/>
      </symbol>
      <symbol id="sm-8f0">
         <name>xTaskGetCurrentTaskHandle</name>
         <value>0x10051c5</value>
         <object_component_ref idref="oc-5cd"/>
      </symbol>
      <symbol id="sm-8f1">
         <name>xTaskRemoveFromEventList</name>
         <value>0x1002e79</value>
         <object_component_ref idref="oc-5b4"/>
      </symbol>
      <symbol id="sm-8f2">
         <name>eTaskConfirmSleepModeStatus</name>
         <value>0x1003f71</value>
         <object_component_ref idref="oc-560"/>
      </symbol>
      <symbol id="sm-9d6">
         <name>xTimerCreateTimerTask</name>
         <value>0x1004021</value>
         <object_component_ref idref="oc-28d"/>
      </symbol>
      <symbol id="sm-9d7">
         <name>xTimerGenericCommand</name>
         <value>0x10035d9</value>
         <object_component_ref idref="oc-633"/>
      </symbol>
      <symbol id="sm-a6b">
         <name>ulMaxSyscallInterruptPriority</name>
         <value>0x1005584</value>
         <object_component_ref idref="oc-d0"/>
      </symbol>
      <symbol id="sm-a6c">
         <name>vPortSetupTimerInterrupt</name>
         <value>0x1003fc9</value>
         <object_component_ref idref="oc-3a7"/>
      </symbol>
      <symbol id="sm-a6d">
         <name>xPortSysTickHandler</name>
         <value>0x1004d5d</value>
         <object_component_ref idref="oc-75"/>
      </symbol>
      <symbol id="sm-a6e">
         <name>vPortValidateInterruptPriority</name>
         <value>0x10039b9</value>
         <object_component_ref idref="oc-7f0"/>
      </symbol>
      <symbol id="sm-a6f">
         <name>pxPortInitialiseStack</name>
         <value>0x1004119</value>
         <object_component_ref idref="oc-47a"/>
      </symbol>
      <symbol id="sm-a70">
         <name>vPortExitCritical</name>
         <value>0x1004c79</value>
         <object_component_ref idref="oc-37e"/>
      </symbol>
      <symbol id="sm-a71">
         <name>xPortStartScheduler</name>
         <value>0x10024a9</value>
         <object_component_ref idref="oc-293"/>
      </symbol>
      <symbol id="sm-a72">
         <name>vPortEnterCritical</name>
         <value>0x100437d</value>
         <object_component_ref idref="oc-378"/>
      </symbol>
      <symbol id="sm-a81">
         <name>vPortStartFirstTask</name>
         <value>0x1002835</value>
         <object_component_ref idref="oc-70"/>
      </symbol>
      <symbol id="sm-a82">
         <name>ulPortGetIPSR</name>
         <value>0x10027ad</value>
         <object_component_ref idref="oc-70"/>
      </symbol>
      <symbol id="sm-a83">
         <name>xPortPendSVHandler</name>
         <value>0x10027c5</value>
         <object_component_ref idref="oc-70"/>
      </symbol>
      <symbol id="sm-a84">
         <name>vPortSVCHandler</name>
         <value>0x1002811</value>
         <object_component_ref idref="oc-70"/>
      </symbol>
      <symbol id="sm-ada">
         <name>resetISR</name>
         <value>0x100510d</value>
         <object_component_ref idref="oc-21"/>
      </symbol>
      <symbol id="sm-adb">
         <name>resetVectorAddr</name>
         <value>0x100511c</value>
         <object_component_ref idref="oc-21"/>
      </symbol>
      <symbol id="sm-adc">
         <name>initVectors</name>
         <value>0x100424d</value>
         <object_component_ref idref="oc-50"/>
      </symbol>
      <symbol id="sm-add">
         <name>resetVectors</name>
         <value>0x1000800</value>
         <object_component_ref idref="oc-27"/>
      </symbol>
      <symbol id="sm-afb">
         <name>PTLS_getBuf</name>
         <value>0x10050e1</value>
         <object_component_ref idref="oc-508"/>
      </symbol>
      <symbol id="sm-afc">
         <name>PTLS_setBuf</name>
         <value>0x10050f7</value>
         <object_component_ref idref="oc-50e"/>
      </symbol>
      <symbol id="sm-afd">
         <name>PTLS_taskDeleteHook</name>
         <value>0x1005051</value>
         <object_component_ref idref="oc-603"/>
      </symbol>
      <symbol id="sm-ba4">
         <name>pthread_create</name>
         <value>0x1001931</value>
         <object_component_ref idref="oc-180"/>
      </symbol>
      <symbol id="sm-ba5">
         <name>pthread_attr_init</name>
         <value>0x1005035</value>
         <object_component_ref idref="oc-168"/>
      </symbol>
      <symbol id="sm-ba6">
         <name>pthread_self</name>
         <value>0x100519d</value>
         <object_component_ref idref="oc-48c"/>
      </symbol>
      <symbol id="sm-ba7">
         <name>pthread_attr_setschedparam</name>
         <value>0x1004e01</value>
         <object_component_ref idref="oc-16e"/>
      </symbol>
      <symbol id="sm-ba8">
         <name>pthread_attr_setdetachstate</name>
         <value>0x1004f55</value>
         <object_component_ref idref="oc-174"/>
      </symbol>
      <symbol id="sm-ba9">
         <name>pthread_attr_setstacksize</name>
         <value>0x1005189</value>
         <object_component_ref idref="oc-17a"/>
      </symbol>
      <symbol id="sm-baa">
         <name>pthread_setcancelstate</name>
         <value>0x1004815</value>
         <object_component_ref idref="oc-492"/>
      </symbol>
      <symbol id="sm-bab">
         <name>_pthread_cleanup_pop</name>
         <value>0x1004e9d</value>
         <object_component_ref idref="oc-498"/>
      </symbol>
      <symbol id="sm-bac">
         <name>pthread_exit</name>
         <value>0x1003dad</value>
         <object_component_ref idref="oc-38d"/>
      </symbol>
      <symbol id="sm-bba">
         <name>usleep</name>
         <value>0x1004981</value>
         <object_component_ref idref="oc-2b8"/>
      </symbol>
      <symbol id="sm-bec">
         <name>uxListRemove</name>
         <value>0x1004535</value>
         <object_component_ref idref="oc-142"/>
      </symbol>
      <symbol id="sm-bed">
         <name>vListInsert</name>
         <value>0x1003afd</value>
         <object_component_ref idref="oc-698"/>
      </symbol>
      <symbol id="sm-bee">
         <name>vListInitialiseItem</name>
         <value>0x1005241</value>
         <object_component_ref idref="oc-474"/>
      </symbol>
      <symbol id="sm-bef">
         <name>vListInsertEnd</name>
         <value>0x10049bd</value>
         <object_component_ref idref="oc-148"/>
      </symbol>
      <symbol id="sm-bf0">
         <name>vListInitialise</name>
         <value>0x1004c49</value>
         <object_component_ref idref="oc-4b7"/>
      </symbol>
      <symbol id="sm-c0d">
         <name>__aeabi_errno_addr</name>
         <value>0x1004795</value>
         <object_component_ref idref="oc-3e0"/>
      </symbol>
      <symbol id="sm-c3c">
         <name>IntVTableBaseSet</name>
         <value>0x1005139</value>
         <object_component_ref idref="oc-9b"/>
      </symbol>
      <symbol id="sm-c3d">
         <name>IntEnable</name>
         <value>0x1002bd9</value>
         <object_component_ref idref="oc-a7"/>
      </symbol>
      <symbol id="sm-c3e">
         <name>IntMasterEnable</name>
         <value>0x10052ad</value>
         <object_component_ref idref="oc-a1"/>
      </symbol>
      <symbol id="sm-c78">
         <name>PinModeGet</name>
         <value>0x1004b15</value>
         <object_component_ref idref="oc-314"/>
      </symbol>
      <symbol id="sm-c79">
         <name>PinConfigSet</name>
         <value>0x100333d</value>
         <object_component_ref idref="oc-82c"/>
      </symbol>
      <symbol id="sm-c7a">
         <name>PinModeSet</name>
         <value>0x1004755</value>
         <object_component_ref idref="oc-31a"/>
      </symbol>
      <symbol id="sm-c7b">
         <name>PinToPadGet</name>
         <value>0x1005019</value>
         <object_component_ref idref="oc-75b"/>
      </symbol>
      <symbol id="sm-d6d">
         <name>PRCMLPDSWakeupSourceEnable</name>
         <value>0x1004d89</value>
         <object_component_ref idref="oc-583"/>
      </symbol>
      <symbol id="sm-d6e">
         <name>PRCMLPDSRestoreInfoSet</name>
         <value>0x100457d</value>
         <object_component_ref idref="oc-7cc"/>
      </symbol>
      <symbol id="sm-d6f">
         <name>PRCMPeripheralReset</name>
         <value>0x1003ec1</value>
         <object_component_ref idref="oc-308"/>
      </symbol>
      <symbol id="sm-d70">
         <name>PRCMLPDSEnter</name>
         <value>0x100445d</value>
         <object_component_ref idref="oc-6e5"/>
      </symbol>
      <symbol id="sm-d71">
         <name>PRCMPeripheralClkEnable</name>
         <value>0x10044a5</value>
         <object_component_ref idref="oc-302"/>
      </symbol>
      <symbol id="sm-d72">
         <name>PRCMSlowClkCtrFastGet</name>
         <value>0x1004855</value>
         <object_component_ref idref="oc-554"/>
      </symbol>
      <symbol id="sm-d73">
         <name>PRCMLPDSEnterKeepDebugIf</name>
         <value>0x1004a35</value>
         <object_component_ref idref="oc-6eb"/>
      </symbol>
      <symbol id="sm-d74">
         <name>PRCMCC3200MCUInit</name>
         <value>0x1000841</value>
         <object_component_ref idref="oc-232"/>
      </symbol>
      <symbol id="sm-d75">
         <name>PRCMHIBRegWrite</name>
         <value>0x10050cb</value>
         <object_component_ref idref="oc-2f6"/>
      </symbol>
      <symbol id="sm-d76">
         <name>PRCMLPDSIntervalSet</name>
         <value>0x1004d05</value>
         <object_component_ref idref="oc-57d"/>
      </symbol>
      <symbol id="sm-d77">
         <name>PRCMSysResetCauseGet</name>
         <value>0x1003c91</value>
         <object_component_ref idref="oc-2ef"/>
      </symbol>
      <symbol id="sm-d78">
         <name>PRCMSleepEnter</name>
         <value>0x10052d5</value>
         <object_component_ref idref="oc-59a"/>
      </symbol>
      <symbol id="sm-d79">
         <name>PRCMPeripheralClkDisable</name>
         <value>0x1004db1</value>
         <object_component_ref idref="oc-30e"/>
      </symbol>
      <symbol id="sm-d7a">
         <name>PRCMHIBRegRead</name>
         <value>0x10050b5</value>
         <object_component_ref idref="oc-2fc"/>
      </symbol>
      <symbol id="sm-d90">
         <name>SysTickEnable</name>
         <value>0x1005231</value>
         <object_component_ref idref="oc-566"/>
      </symbol>
      <symbol id="sm-d91">
         <name>SysTickDisable</name>
         <value>0x1005221</value>
         <object_component_ref idref="oc-55a"/>
      </symbol>
      <symbol id="sm-d96">
         <name>UtilsDelay</name>
         <value>0x10052e3</value>
         <object_component_ref idref="oc-2f5"/>
      </symbol>
      <symbol id="sm-da8">
         <name>CPUcpsie</name>
         <value>0x1005123</value>
         <object_component_ref idref="oc-fd"/>
      </symbol>
      <symbol id="sm-da9">
         <name>CPUwfi</name>
         <value>0x100527d</value>
         <object_component_ref idref="oc-6f4"/>
      </symbol>
      <symbol id="sm-db9">
         <name>FlashDisable</name>
         <value>0x1004415</value>
         <object_component_ref idref="oc-7e2"/>
      </symbol>
      <symbol id="sm-dc8">
         <name>__aeabi_memset</name>
         <value>0x10037d9</value>
         <object_component_ref idref="oc-95"/>
      </symbol>
      <symbol id="sm-dc9">
         <name>memset</name>
         <value>0x10037df</value>
         <object_component_ref idref="oc-95"/>
      </symbol>
      <symbol id="sm-dca">
         <name>__aeabi_memset8</name>
         <value>0x10037d9</value>
         <object_component_ref idref="oc-95"/>
      </symbol>
      <symbol id="sm-dcb">
         <name>__aeabi_memset4</name>
         <value>0x10037d9</value>
         <object_component_ref idref="oc-95"/>
      </symbol>
      <symbol id="sm-dcc">
         <name>__aeabi_memclr8</name>
         <value>0x10037d7</value>
         <object_component_ref idref="oc-95"/>
      </symbol>
      <symbol id="sm-dcd">
         <name>__aeabi_memclr4</name>
         <value>0x10037d7</value>
         <object_component_ref idref="oc-95"/>
      </symbol>
      <symbol id="sm-dce">
         <name>__aeabi_memclr</name>
         <value>0x10037d7</value>
         <object_component_ref idref="oc-95"/>
      </symbol>
      <symbol id="sm-dd7">
         <name>__aeabi_lmul</name>
         <value>0x100509d</value>
         <object_component_ref idref="oc-58f"/>
      </symbol>
      <symbol id="sm-df2">
         <name>memcpy</name>
         <value>0x1002fc5</value>
         <object_component_ref idref="oc-38"/>
      </symbol>
      <symbol id="sm-df3">
         <name>__aeabi_memcpy</name>
         <value>0x1002fc5</value>
         <object_component_ref idref="oc-38"/>
      </symbol>
      <symbol id="sm-df4">
         <name>__aeabi_memcpy8</name>
         <value>0x1002fc5</value>
         <object_component_ref idref="oc-38"/>
      </symbol>
      <symbol id="sm-df5">
         <name>__aeabi_memcpy4</name>
         <value>0x1002fc5</value>
         <object_component_ref idref="oc-38"/>
      </symbol>
      <symbol id="sm-e02">
         <name>__aeabi_uldivmod</name>
         <value>0x10030f9</value>
         <object_component_ref idref="oc-578"/>
      </symbol>
      <symbol id="sm-e14">
         <name>__TI_zero_init</name>
         <value>0x1005295</value>
         <object_component_ref idref="oc-4a"/>
      </symbol>
      <symbol id="sm-e2b">
         <name>__TI_decompress_none</name>
         <value>0x100526f</value>
         <object_component_ref idref="oc-1a"/>
      </symbol>
      <symbol id="sm-e4e">
         <name>__TI_decompress_lzss</name>
         <value>0x1003a95</value>
         <object_component_ref idref="oc-14"/>
      </symbol>
      <symbol id="sm-e60">
         <name>__stack</name>
         <value>0x2003fc00</value>
         <object_component_ref idref="oc-2a"/>
      </symbol>
      <symbol id="sm-e61">
         <name>_c_int00_noargs</name>
         <value>0x1004ee9</value>
         <object_component_ref idref="oc-b7"/>
      </symbol>
      <symbol id="sm-e6b">
         <name>__aeabi_idiv0</name>
         <value>0x1004853</value>
         <object_component_ref idref="oc-6b4"/>
      </symbol>
      <symbol id="sm-e6c">
         <name>__aeabi_ldiv0</name>
         <value>0x1004853</value>
         <object_component_ref idref="oc-6b4"/>
      </symbol>
      <symbol id="sm-e94">
         <name>__TI_auto_init_nobinit_nopinit</name>
         <value>0x1004649</value>
         <object_component_ref idref="oc-1a9"/>
      </symbol>
      <symbol id="sm-e9e">
         <name>_system_pre_init</name>
         <value>0x10052e9</value>
         <object_component_ref idref="oc-10a"/>
      </symbol>
      <symbol id="sm-eaa">
         <name>C$$EXIT</name>
         <value>0x10052ed</value>
         <object_component_ref idref="oc-19d"/>
      </symbol>
      <symbol id="sm-eab">
         <name>abort</name>
         <value>0x10052ed</value>
         <object_component_ref idref="oc-19d"/>
      </symbol>
      <symbol id="sm-eae">
         <name>__TI_static_base__</name>
         <value>0x10055a8</value>
      </symbol>
      <symbol id="sm-eb1">
         <name>__mpu_init</name>
         <value>0x0</value>
      </symbol>
      <symbol id="sm-eb2">
         <name>_system_post_cinit</name>
         <value>0x0</value>
      </symbol>
   </symbol_table>
   <title>Link successful</title>
</link_info>
